{
  "name": "mule",
  "directed": true,
  "strict": false,
  "_draw_":
  [
    {
      "op": "c",
      "grad": "none",
      "color": "#fffffe00"
    },
    {
      "op": "C",
      "grad": "none",
      "color": "#ffffff"
    },
    {
      "op": "P",
      "points": [[-72.000,-36.000],[-72.000,500.800],[654.270,500.800],[654.270,-36.000]]
    }
  ],
  "_ldraw_":
  [
    {
      "op": "F",
      "size": 14.000,
      "face": "Times-Roman"
    },
    {
      "op": "c",
      "grad": "none",
      "color": "#000000"
    },
    {
      "op": "T",
      "pt": [252.840,448.200],
      "align": "l",
      "width": 76.580,
      "text": "Test Diagram"
    }
  ],
  "bb": "0,0,582.27,464.8",
  "dpi": "150",
  "label": "Test Diagram<br\/>",
  "labelloc": "t",
  "lheight": "0.23",
  "lp": "291.13,452.4",
  "lwidth": "1.06",
  "pad": "1.0,0.5",
  "rankdir": "LR",
  "splines": "spline",
  "xdotversion": "1.7",
  "_subgraph_cnt": 3,
  "objects": [
    {
      "name": "cluster_legend",
      "_draw_":
      [
        {
          "op": "S",
          "style": "dashed"
        },
        {
          "op": "c",
          "grad": "none",
          "color": "#000000"
        },
        {
          "op": "p",
          "points": [[16.020,8.000],[16.020,229.000],[544.860,229.000],[544.860,8.000]]
        }
      ],
      "_ldraw_":
      [
        {
          "op": "F",
          "size": 14.000,
          "face": "Times-Roman"
        },
        {
          "op": "c",
          "grad": "none",
          "color": "#000000"
        },
        {
          "op": "t",
          "fontchar": 1
        },
        {
          "op": "T",
          "pt": [259.450,213.400],
          "align": "l",
          "width": 41.980,
          "text": "Legend"
        }
      ],
      "bb": "16.022,8,544.86,229",
      "dpi": "150",
      "label": "<b>Legend<\/b>",
      "labelloc": "t",
      "lheight": "0.23",
      "lp": "280.44,216.6",
      "lwidth": "0.58",
      "pad": "1.0,0.5",
      "rankdir": "LR",
      "splines": "spline",
      "style": "dashed",
      "_gvid": 0,
      "nodes": [
        3,4,5,6,7,8,9,10,11,12,13
      ],
      "edges": [
        0,1,2,3,4,5,6,7
      ]
    },
    {
      "name": "cluster_legend-space",
      "bb": "8,237,168,325",
      "dpi": "150",
      "label": "",
      "labelloc": "t",
      "pad": "1.0,0.5",
      "rankdir": "LR",
      "splines": "spline",
      "style": "invis",
      "_gvid": 1,
      "nodes": [
        14
      ]
    },
    {
      "name": "cluster_mule",
      "bb": "33.291,333,574.27,432",
      "dpi": "150",
      "label": "Application graph<br\/>",
      "labelloc": "t",
      "lheight": "0.23",
      "lp": "303.78,419.6",
      "lwidth": "1.41",
      "pad": "1.0,0.5",
      "rankdir": "LR",
      "splines": "spline",
      "style": "invis",
      "_gvid": 2,
      "nodes": [
        15,16,17
      ],
      "edges": [
        8,9,10
      ]
    },
    {
      "_gvid": 3,
      "name": "flow",
      "_draw_":
      [
        {
          "op": "c",
          "grad": "none",
          "color": "#0000ff"
        },
        {
          "op": "p",
          "points": [[124.000,196.000],[52.000,196.000],[52.000,178.000],[124.000,178.000]]
        }
      ],
      "_ldraw_":
      [
        {
          "op": "F",
          "size": 14.000,
          "face": "Times-Roman"
        },
        {
          "op": "c",
          "grad": "none",
          "color": "#000000"
        },
        {
          "op": "T",
          "pt": [88.000,182.800],
          "align": "c",
          "width": 25.660,
          "text": "flow"
        }
      ],
      "color": "blue",
      "fixedsize": "true",
      "height": "0.25",
      "label": "\\N",
      "pos": "88,187",
      "shape": "rectangle",
      "width": "1"
    },
    {
      "_gvid": 4,
      "name": "sub-flow",
      "_draw_":
      [
        {
          "op": "c",
          "grad": "none",
          "color": "#000000"
        },
        {
          "op": "e",
          "rect": [261.720,187.000,36.000,9.000]
        }
      ],
      "_ldraw_":
      [
        {
          "op": "F",
          "size": 14.000,
          "face": "Times-Roman"
        },
        {
          "op": "c",
          "grad": "none",
          "color": "#000000"
        },
        {
          "op": "T",
          "pt": [261.720,182.800],
          "align": "c",
          "width": 49.760,
          "text": "sub-flow"
        }
      ],
      "color": "black",
      "fixedsize": "true",
      "height": "0.25",
      "label": "\\N",
      "pos": "261.72,187",
      "shape": "ellipse",
      "width": "1"
    },
    {
      "_gvid": 5,
      "name": "connector:operation",
      "_draw_":
      [
        {
          "op": "c",
          "grad": "none",
          "color": "#000000"
        },
        {
          "op": "p",
          "points": [[151.960,160.000],[24.040,160.000],[24.040,156.000],[20.040,156.000],[20.040,152.000],[24.040,152.000],[24.040,132.000],[20.040,132.000],[20.040,128.000],[24.040,128.000],[24.040,124.000],[151.960,124.000]]
        },
        {
          "op": "c",
          "grad": "none",
          "color": "#000000"
        },
        {
          "op": "L",
          "points": [[24.040,156.000],[28.040,156.000],[28.040,152.000],[24.040,152.000]]
        },
        {
          "op": "c",
          "grad": "none",
          "color": "#000000"
        },
        {
          "op": "L",
          "points": [[24.040,132.000],[28.040,132.000],[28.040,128.000],[24.040,128.000]]
        }
      ],
      "_ldraw_":
      [
        {
          "op": "F",
          "size": 14.000,
          "face": "Times-Roman"
        },
        {
          "op": "c",
          "grad": "none",
          "color": "#000000"
        },
        {
          "op": "T",
          "pt": [88.000,137.800],
          "align": "c",
          "width": 111.960,
          "text": "connector:operation"
        }
      ],
      "height": "0.5",
      "label": "\\N",
      "pos": "88,142",
      "shape": "component",
      "width": "1.7772"
    },
    {
      "_gvid": 6,
      "name": "Unused sub\/-flow",
      "_draw_":
      [
        {
          "op": "c",
          "grad": "none",
          "color": "#c0c0c0"
        },
        {
          "op": "C",
          "grad": "none",
          "color": "#c0c0c0"
        },
        {
          "op": "E",
          "rect": [464.860,187.000,72.000,9.000]
        }
      ],
      "_ldraw_":
      [
        {
          "op": "F",
          "size": 14.000,
          "face": "Times-Roman"
        },
        {
          "op": "c",
          "grad": "none",
          "color": "#000000"
        },
        {
          "op": "T",
          "pt": [464.860,182.800],
          "align": "c",
          "width": 99.920,
          "text": "Unused sub\/-flow"
        }
      ],
      "color": "gray",
      "fixedsize": "true",
      "height": "0.25",
      "label": "\\N",
      "pos": "464.86,187",
      "style": "filled",
      "width": "2"
    },
    {
      "_gvid": 7,
      "name": "Flow A",
      "_draw_":
      [
        {
          "op": "c",
          "grad": "none",
          "color": "#000000"
        },
        {
          "op": "e",
          "rect": [88.000,97.000,36.000,9.000]
        }
      ],
      "_ldraw_":
      [
        {
          "op": "F",
          "size": 14.000,
          "face": "Times-Roman"
        },
        {
          "op": "c",
          "grad": "none",
          "color": "#000000"
        },
        {
          "op": "T",
          "pt": [88.000,92.800],
          "align": "c",
          "width": 42.390,
          "text": "Flow A"
        }
      ],
      "fixedsize": "true",
      "height": "0.25",
      "label": "\\N",
      "pos": "88,97",
      "width": "1"
    },
    {
      "_gvid": 8,
      "name": "sub-flow-1",
      "_draw_":
      [
        {
          "op": "c",
          "grad": "none",
          "color": "#000000"
        },
        {
          "op": "e",
          "rect": [261.720,115.000,45.000,9.000]
        }
      ],
      "_ldraw_":
      [
        {
          "op": "F",
          "size": 14.000,
          "face": "Times-Roman"
        },
        {
          "op": "c",
          "grad": "none",
          "color": "#000000"
        },
        {
          "op": "T",
          "pt": [261.720,110.800],
          "align": "c",
          "width": 61.420,
          "text": "sub-flow-1"
        }
      ],
      "fixedsize": "true",
      "height": "0.25",
      "label": "\\N",
      "pos": "261.72,115",
      "width": "1.25"
    },
    {
      "_gvid": 9,
      "name": "Flow C",
      "_draw_":
      [
        {
          "op": "c",
          "grad": "none",
          "color": "#000000"
        },
        {
          "op": "e",
          "rect": [88.000,61.000,36.000,9.000]
        }
      ],
      "_ldraw_":
      [
        {
          "op": "F",
          "size": 14.000,
          "face": "Times-Roman"
        },
        {
          "op": "c",
          "grad": "none",
          "color": "#000000"
        },
        {
          "op": "T",
          "pt": [88.000,56.800],
          "align": "c",
          "width": 41.620,
          "text": "Flow C"
        }
      ],
      "fixedsize": "true",
      "height": "0.25",
      "label": "\\N",
      "pos": "88,61",
      "width": "1"
    },
    {
      "_gvid": 10,
      "name": "sub-flow-C1",
      "_draw_":
      [
        {
          "op": "c",
          "grad": "none",
          "color": "#000000"
        },
        {
          "op": "e",
          "rect": [261.720,79.000,45.000,9.000]
        }
      ],
      "_ldraw_":
      [
        {
          "op": "F",
          "size": 14.000,
          "face": "Times-Roman"
        },
        {
          "op": "c",
          "grad": "none",
          "color": "#000000"
        },
        {
          "op": "T",
          "pt": [261.720,74.800],
          "align": "c",
          "width": 70.760,
          "text": "sub-flow-C1"
        }
      ],
      "fixedsize": "true",
      "height": "0.25",
      "label": "\\N",
      "pos": "261.72,79",
      "width": "1.25"
    },
    {
      "_gvid": 11,
      "name": "flow source",
      "_draw_":
      [
        {
          "op": "c",
          "grad": "none",
          "color": "#00ffff"
        },
        {
          "op": "C",
          "grad": "none",
          "color": "#00ffff"
        },
        {
          "op": "P",
          "points": [[142.000,25.000],[115.000,34.000],[61.000,34.000],[34.000,25.000],[61.000,16.000],[115.000,16.000]]
        }
      ],
      "_ldraw_":
      [
        {
          "op": "F",
          "size": 14.000,
          "face": "Times-Roman"
        },
        {
          "op": "c",
          "grad": "none",
          "color": "#000000"
        },
        {
          "op": "T",
          "pt": [88.000,20.800],
          "align": "c",
          "width": 65.690,
          "text": "flow source"
        }
      ],
      "color": "cyan",
      "fixedsize": "true",
      "height": "0.25",
      "label": "\\N",
      "pos": "88,25",
      "shape": "hexagon",
      "sourceNode": "true",
      "style": "filled",
      "width": "1.5"
    },
    {
      "_gvid": 12,
      "name": "flow self-call",
      "_draw_":
      [
        {
          "op": "c",
          "grad": "none",
          "color": "#0000ff"
        },
        {
          "op": "p",
          "points": [[306.720,34.000],[216.720,34.000],[216.720,16.000],[306.720,16.000]]
        }
      ],
      "_ldraw_":
      [
        {
          "op": "F",
          "size": 14.000,
          "face": "Times-Roman"
        },
        {
          "op": "c",
          "grad": "none",
          "color": "#000000"
        },
        {
          "op": "T",
          "pt": [261.720,20.800],
          "align": "c",
          "width": 74.240,
          "text": "flow self-call"
        }
      ],
      "color": "blue",
      "fixedsize": "true",
      "height": "0.25",
      "label": "\\N",
      "pos": "261.72,25",
      "shape": "rectangle",
      "width": "1.25"
    },
    {
      "_gvid": 13,
      "name": "sub-flow self-call",
      "_draw_":
      [
        {
          "op": "c",
          "grad": "none",
          "color": "#000000"
        },
        {
          "op": "e",
          "rect": [464.860,25.000,72.000,9.000]
        }
      ],
      "_ldraw_":
      [
        {
          "op": "F",
          "size": 14.000,
          "face": "Times-Roman"
        },
        {
          "op": "c",
          "grad": "none",
          "color": "#000000"
        },
        {
          "op": "T",
          "pt": [464.860,20.800],
          "align": "c",
          "width": 98.340,
          "text": "sub-flow self-call"
        }
      ],
      "color": "black",
      "fixedsize": "true",
      "height": "0.25",
      "label": "\\N",
      "pos": "464.86,25",
      "shape": "ellipse",
      "width": "2"
    },
    {
      "_gvid": 14,
      "name": "",
      "height": "1",
      "label": "\\N",
      "pos": "88,281",
      "shape": "none",
      "width": "2"
    },
    {
      "_gvid": 15,
      "name": "vm:listener",
      "_draw_":
      [
        {
          "op": "c",
          "grad": "none",
          "color": "#00ffff"
        },
        {
          "op": "C",
          "grad": "none",
          "color": "#00ffff"
        },
        {
          "op": "P",
          "points": [[134.920,370.000],[111.460,399.290],[64.540,399.290],[41.080,370.000],[64.540,340.710],[111.460,340.710]]
        }
      ],
      "_ldraw_":
      [
        {
          "op": "F",
          "size": 14.000,
          "face": "Times-Roman"
        },
        {
          "op": "c",
          "grad": "none",
          "color": "#000000"
        },
        {
          "op": "t",
          "fontchar": 1
        },
        {
          "op": "T",
          "pt": [79.050,372.400],
          "align": "l",
          "width": 17.890,
          "text": "vm"
        },
        {
          "op": "F",
          "size": 14.000,
          "face": "Times-Roman"
        },
        {
          "op": "c",
          "grad": "none",
          "color": "#000000"
        },
        {
          "op": "t",
          "fontchar": 0
        },
        {
          "op": "T",
          "pt": [67.400,358.400],
          "align": "l",
          "width": 41.210,
          "text": "listener"
        }
      ],
      "color": "cyan",
      "height": "0.8165",
      "label": "<b>vm<\/b><br\/>listener<br\/>",
      "pos": "88,370",
      "shape": "hexagon",
      "sourceNode": "true",
      "style": "filled",
      "width": "1.2975"
    },
    {
      "_gvid": 16,
      "name": "flow:test-flow",
      "_draw_":
      [
        {
          "op": "c",
          "grad": "none",
          "color": "#0000ff"
        },
        {
          "op": "p",
          "points": [[311.030,386.000],[212.420,386.000],[212.420,350.000],[311.030,350.000]]
        }
      ],
      "_ldraw_":
      [
        {
          "op": "F",
          "size": 14.000,
          "face": "Times-Roman"
        },
        {
          "op": "c",
          "grad": "none",
          "color": "#000000"
        },
        {
          "op": "t",
          "fontchar": 1
        },
        {
          "op": "T",
          "pt": [220.320,364.800],
          "align": "l",
          "width": 25.660,
          "text": "flow"
        },
        {
          "op": "F",
          "size": 14.000,
          "face": "Times-Roman"
        },
        {
          "op": "c",
          "grad": "none",
          "color": "#000000"
        },
        {
          "op": "t",
          "fontchar": 0
        },
        {
          "op": "T",
          "pt": [245.980,364.800],
          "align": "l",
          "width": 57.150,
          "text": ": test-flow"
        }
      ],
      "color": "blue",
      "height": "0.5",
      "label": "<b>flow<\/b>: test-flow",
      "pos": "261.72,368",
      "shape": "rectangle",
      "width": "1.3723"
    },
    {
      "_gvid": 17,
      "name": "sub-flow:test-sub-flow",
      "_draw_":
      [
        {
          "op": "c",
          "grad": "none",
          "color": "#000000"
        },
        {
          "op": "e",
          "rect": [464.860,363.000,101.320,18.000]
        }
      ],
      "_ldraw_":
      [
        {
          "op": "F",
          "size": 14.000,
          "face": "Times-Roman"
        },
        {
          "op": "c",
          "grad": "none",
          "color": "#000000"
        },
        {
          "op": "t",
          "fontchar": 1
        },
        {
          "op": "T",
          "pt": [399.350,359.800],
          "align": "l",
          "width": 49.760,
          "text": "sub-flow"
        },
        {
          "op": "F",
          "size": 14.000,
          "face": "Times-Roman"
        },
        {
          "op": "c",
          "grad": "none",
          "color": "#000000"
        },
        {
          "op": "t",
          "fontchar": 0
        },
        {
          "op": "T",
          "pt": [449.110,359.800],
          "align": "l",
          "width": 81.250,
          "text": ": test-sub-flow"
        }
      ],
      "color": "black",
      "height": "0.5",
      "label": "<b>sub-flow<\/b>: test-sub-flow",
      "pos": "464.86,363",
      "shape": "ellipse",
      "width": "2.8169"
    }
  ],
  "edges": [
    {
      "_gvid": 0,
      "tail": 3,
      "head": 4,
      "arrowhead": "vee",
      "dir": "forward",
      "label": "",
      "pos": "e,225.61,187 124.17,187 150.56,187 186.91,187 215.47,187",
      "style": "invis"
    },
    {
      "_gvid": 1,
      "tail": 4,
      "head": 6,
      "arrowhead": "vee",
      "dir": "forward",
      "label": "",
      "pos": "e,392.59,187 297.76,187 321.12,187 352.83,187 382.29,187",
      "style": "invis"
    },
    {
      "_gvid": 2,
      "tail": 7,
      "head": 8,
      "_draw_":
      [
        {
          "op": "S",
          "style": "solid"
        },
        {
          "op": "c",
          "grad": "none",
          "color": "#000000"
        },
        {
          "op": "b",
          "points": [[121.700,100.430],[147.010,103.080],[182.480,106.800],[211.250,109.810]]
        }
      ],
      "_hdraw_":
      [
        {
          "op": "S",
          "style": "solid"
        },
        {
          "op": "c",
          "grad": "none",
          "color": "#000000"
        },
        {
          "op": "C",
          "grad": "none",
          "color": "#000000"
        },
        {
          "op": "P",
          "points": [[221.520,110.890],[211.100,114.320],[216.550,110.370],[211.570,109.850],[211.570,109.850],[211.570,109.850],[216.550,110.370],[212.040,105.370],[221.520,110.890]]
        }
      ],
      "_ldraw_":
      [
        {
          "op": "F",
          "size": 14.000,
          "face": "Times-Roman"
        },
        {
          "op": "c",
          "grad": "none",
          "color": "#000000"
        },
        {
          "op": "T",
          "pt": [186.160,111.200],
          "align": "c",
          "width": 16.320,
          "text": "(1)"
        }
      ],
      "_tldraw_":
      [
        {
          "op": "F",
          "size": 14.000,
          "face": "Times-Roman"
        },
        {
          "op": "c",
          "grad": "none",
          "color": "#000000"
        },
        {
          "op": "T",
          "pt": [201.690,97.600],
          "align": "c",
          "width": 80.470,
          "text": "Call Sequence"
        }
      ],
      "arrowhead": "vee",
      "dir": "forward",
      "label": "(1)",
      "labelangle": "-5.0",
      "labeldistance": "8.0",
      "lp": "186.16,115.4",
      "pos": "e,221.52,110.89 121.7,100.43 147.01,103.08 182.48,106.8 211.25,109.81",
      "style": "solid",
      "tail_lp": "201.69,101.8",
      "taillabel": "Call Sequence\\n"
    },
    {
      "_gvid": 3,
      "tail": 9,
      "head": 10,
      "_draw_":
      [
        {
          "op": "S",
          "style": "setlinewidth(2)"
        },
        {
          "op": "S",
          "style": "dashed"
        },
        {
          "op": "c",
          "grad": "none",
          "color": "#9ac0cd"
        },
        {
          "op": "b",
          "points": [[121.700,64.430],[147.010,67.080],[182.480,70.800],[211.250,73.810]]
        }
      ],
      "_hdraw_":
      [
        {
          "op": "S",
          "style": "setlinewidth(2)"
        },
        {
          "op": "S",
          "style": "solid"
        },
        {
          "op": "c",
          "grad": "none",
          "color": "#9ac0cd"
        },
        {
          "op": "C",
          "grad": "none",
          "color": "#9ac0cd"
        },
        {
          "op": "P",
          "points": [[221.520,74.890],[211.100,78.320],[216.490,74.870],[211.520,74.350],[211.570,73.850],[211.630,73.350],[216.600,73.870],[212.040,69.370],[221.520,74.890]]
        }
      ],
      "_ldraw_":
      [
        {
          "op": "F",
          "size": 14.000,
          "face": "Times-Roman"
        },
        {
          "op": "c",
          "grad": "none",
          "color": "#000000"
        },
        {
          "op": "T",
          "pt": [144.000,73.880],
          "align": "c",
          "width": 55.590,
          "text": "(1) Async"
        }
      ],
      "_tldraw_":
      [
        {
          "op": "F",
          "size": 14.000,
          "face": "Times-Roman"
        },
        {
          "op": "c",
          "grad": "none",
          "color": "#000000"
        },
        {
          "op": "T",
          "pt": [201.690,61.600],
          "align": "c",
          "width": 104.580,
          "text": "Asynchronous call"
        }
      ],
      "arrowhead": "vee",
      "color": "lightblue3",
      "dir": "forward",
      "label": "",
      "labelangle": "-5.0",
      "labeldistance": "8.0",
      "pos": "e,221.52,74.891 121.7,64.428 147.01,67.081 182.48,70.798 211.25,73.814",
      "style": "dashed,bold",
      "tail_lp": "201.69,65.802",
      "taillabel": "Asynchronous call\\n",
      "xlabel": "(1) Async",
      "xlp": "144,78.078"
    },
    {
      "_gvid": 4,
      "tail": 11,
      "head": 12,
      "arrowhead": "vee",
      "dir": "forward",
      "label": "",
      "pos": "e,216.59,25 142.39,25 162.78,25 186.02,25 206.48,25",
      "style": "invis"
    },
    {
      "_gvid": 5,
      "tail": 12,
      "head": 12,
      "_draw_":
      [
        {
          "op": "c",
          "grad": "none",
          "color": "#000000"
        },
        {
          "op": "b",
          "points": [[250.510,34.130],[244.690,42.700],[248.430,52.000],[261.720,52.000],[269.830,52.000],[274.380,48.550],[275.390,43.910]]
        }
      ],
      "_hdraw_":
      [
        {
          "op": "S",
          "style": "solid"
        },
        {
          "op": "c",
          "grad": "none",
          "color": "#000000"
        },
        {
          "op": "C",
          "grad": "none",
          "color": "#000000"
        },
        {
          "op": "P",
          "points": [[272.940,34.130],[279.730,42.740],[274.160,38.980],[275.370,43.830],[275.370,43.830],[275.370,43.830],[274.160,38.980],[271.000,44.920],[272.940,34.130]]
        }
      ],
      "arrowhead": "vee",
      "dir": "forward",
      "label": "",
      "pos": "e,272.94,34.129 250.51,34.129 244.69,42.701 248.43,52 261.72,52 269.83,52 274.38,48.547 275.39,43.91"
    },
    {
      "_gvid": 6,
      "tail": 12,
      "head": 13,
      "arrowhead": "vee",
      "dir": "forward",
      "label": "",
      "pos": "e,392.55,25 306.86,25 329.02,25 356.57,25 382.38,25",
      "style": "invis"
    },
    {
      "_gvid": 7,
      "tail": 13,
      "head": 13,
      "_draw_":
      [
        {
          "op": "c",
          "grad": "none",
          "color": "#000000"
        },
        {
          "op": "b",
          "points": [[446.090,33.850],[435.710,42.500],[441.970,52.000],[464.860,52.000],[479.880,52.000],[487.740,47.910],[488.430,42.650]]
        }
      ],
      "_hdraw_":
      [
        {
          "op": "S",
          "style": "solid"
        },
        {
          "op": "c",
          "grad": "none",
          "color": "#000000"
        },
        {
          "op": "C",
          "grad": "none",
          "color": "#000000"
        },
        {
          "op": "P",
          "points": [[483.630,33.850],[492.370,40.470],[486.030,38.240],[488.420,42.630],[488.420,42.630],[488.420,42.630],[486.030,38.240],[484.470,44.780],[483.630,33.850]]
        }
      ],
      "arrowhead": "vee",
      "dir": "forward",
      "label": "",
      "pos": "e,483.63,33.85 446.09,33.85 435.71,42.498 441.97,52 464.86,52 479.88,52 487.74,47.908 488.43,42.65"
    },
    {
      "_gvid": 8,
      "tail": 15,
      "head": 16,
      "_draw_":
      [
        {
          "op": "S",
          "style": "setlinewidth(2)"
        },
        {
          "op": "c",
          "grad": "none",
          "color": "#000000"
        },
        {
          "op": "b",
          "points": [[134.570,369.470],[155.240,369.230],[179.940,368.940],[201.990,368.680]]
        }
      ],
      "_hdraw_":
      [
        {
          "op": "S",
          "style": "setlinewidth(2)"
        },
        {
          "op": "S",
          "style": "solid"
        },
        {
          "op": "c",
          "grad": "none",
          "color": "#000000"
        },
        {
          "op": "C",
          "grad": "none",
          "color": "#000000"
        },
        {
          "op": "P",
          "points": [[212.240,368.560],[202.290,373.180],[207.240,369.120],[202.240,369.180],[202.240,368.680],[202.230,368.180],[207.230,368.120],[202.180,364.180],[212.240,368.560]]
        }
      ],
      "arrowhead": "vee",
      "dir": "forward",
      "label": "",
      "pos": "e,212.24,368.56 134.57,369.47 155.24,369.23 179.94,368.94 201.99,368.68",
      "style": "bold"
    },
    {
      "_gvid": 9,
      "tail": 16,
      "head": 17,
      "_draw_":
      [
        {
          "op": "S",
          "style": "solid"
        },
        {
          "op": "c",
          "grad": "none",
          "color": "#000000"
        },
        {
          "op": "b",
          "points": [[311.160,366.800],[324.190,366.470],[338.840,366.110],[353.770,365.740]]
        }
      ],
      "_hdraw_":
      [
        {
          "op": "S",
          "style": "solid"
        },
        {
          "op": "c",
          "grad": "none",
          "color": "#000000"
        },
        {
          "op": "C",
          "grad": "none",
          "color": "#000000"
        },
        {
          "op": "P",
          "points": [[364.140,365.480],[354.250,370.230],[359.140,365.600],[354.140,365.730],[354.140,365.730],[354.140,365.730],[359.140,365.600],[354.030,361.230],[364.140,365.480]]
        }
      ],
      "_ldraw_":
      [
        {
          "op": "F",
          "size": 14.000,
          "face": "Times-Roman"
        },
        {
          "op": "c",
          "grad": "none",
          "color": "#000000"
        },
        {
          "op": "T",
          "pt": [337.290,370.200],
          "align": "c",
          "width": 16.320,
          "text": "(1)"
        }
      ],
      "arrowhead": "vee",
      "dir": "forward",
      "label": "(1)",
      "lp": "337.29,374.4",
      "pos": "e,364.14,365.48 311.16,366.8 324.19,366.47 338.84,366.11 353.77,365.74",
      "style": "solid"
    },
    {
      "_gvid": 10,
      "tail": 17,
      "head": 17,
      "_draw_":
      [
        {
          "op": "c",
          "grad": "none",
          "color": "#000000"
        },
        {
          "op": "b",
          "points": [[442.210,380.780],[438.360,390.310],[445.910,399.000],[464.860,399.000],[476.410,399.000],[483.720,395.770],[486.800,391.100]]
        }
      ],
      "_hdraw_":
      [
        {
          "op": "S",
          "style": "solid"
        },
        {
          "op": "c",
          "grad": "none",
          "color": "#000000"
        },
        {
          "op": "C",
          "grad": "none",
          "color": "#000000"
        },
        {
          "op": "P",
          "points": [[487.510,380.780],[491.320,391.070],[487.170,385.770],[486.830,390.760],[486.830,390.760],[486.830,390.760],[487.170,385.770],[482.340,390.450],[487.510,380.780]]
        }
      ],
      "arrowhead": "vee",
      "dir": "forward",
      "label": "",
      "pos": "e,487.51,380.78 442.21,380.78 438.36,390.31 445.91,399 464.86,399 476.41,399 483.72,395.77 486.8,391.1"
    }
  ]
}